127.0.0.1 - - [03/Jan/2023:17:06:22 +0900] "GET / HTTP/1.1" 404 807
0:0:0:0:0:0:0:1 - - [03/Jan/2023:17:06:27 +0900] "GET /controller/ HTTP/1.1" 200 162
127.0.0.1 - - [03/Jan/2023:17:07:16 +0900] "GET / HTTP/1.1" 200 162
0:0:0:0:0:0:0:1 - - [03/Jan/2023:17:07:16 +0900] "GET / HTTP/1.1" 200 162
127.0.0.1 - - [03/Jan/2023:18:19:17 +0900] "GET / HTTP/1.1" 404 807
0:0:0:0:0:0:0:1 - - [03/Jan/2023:18:19:20 +0900] "GET /controller/ HTTP/1.1" 200 163
127.0.0.1 - - [03/Jan/2023:18:20:03 +0900] "GET / HTTP/1.1" 404 807
0:0:0:0:0:0:0:1 - - [03/Jan/2023:18:20:04 +0900] "GET /controller/ HTTP/1.1" 200 162
175.107.0.131 - - [03/Jan/2023:18:27:10 +0900] "GET /boaform/admin/formLogin?username=adminisp&psd=adminisp HTTP/1.0" 404 838
103.104.217.244 - - [03/Jan/2023:18:27:24 +0900] "GET / HTTP/1.1" 404 807
127.0.0.1 - - [03/Jan/2023:19:33:26 +0900] "GET / HTTP/1.1" 404 807
0:0:0:0:0:0:0:1 - - [03/Jan/2023:19:33:29 +0900] "GET /controller/ HTTP/1.1" 200 163
127.0.0.1 - - [03/Jan/2023:19:35:28 +0900] "GET / HTTP/1.1" 404 807
0:0:0:0:0:0:0:1 - - [03/Jan/2023:19:35:29 +0900] "GET /controller/ HTTP/1.1" 200 163
127.0.0.1 - - [03/Jan/2023:19:55:51 +0900] "GET / HTTP/1.1" 404 807
0:0:0:0:0:0:0:1 - - [03/Jan/2023:19:55:53 +0900] "GET /controller/ HTTP/1.1" 200 163
0:0:0:0:0:0:0:1 - - [03/Jan/2023:19:55:53 +0900] "GET /favicon.ico HTTP/1.1" 404 818
0:0:0:0:0:0:0:1 - - [03/Jan/2023:19:56:02 +0900] "GET /controller/sample/ex01 HTTP/1.1" 404 822
0:0:0:0:0:0:0:1 - - [03/Jan/2023:19:56:22 +0900] "GET /controller/sample/ex01?name=%ED%99%8D%EA%B8%B8%EB%8F%99&age=20 HTTP/1.1" 404 822
0:0:0:0:0:0:0:1 - - [03/Jan/2023:20:07:24 +0900] "GET /controller/sample/ex01?name=%ED%99%8D%EA%B8%B8%EB%8F%99&age=20 HTTP/1.1" 404 822
127.0.0.1 - - [03/Jan/2023:20:09:39 +0900] "GET / HTTP/1.1" 404 807
0:0:0:0:0:0:0:1 - - [03/Jan/2023:20:09:45 +0900] "GET /controller/sample/ex01?name=%ED%99%8D%EA%B8%B8%EB%8F%99&age=20 HTTP/1.1" 404 822
127.0.0.1 - - [03/Jan/2023:20:10:30 +0900] "GET / HTTP/1.1" 404 807
0:0:0:0:0:0:0:1 - - [03/Jan/2023:20:10:52 +0900] "GET /controller/sample/ex02?nName=%ED%99%8D%EA%B8%B8%EB%8F%992&nAge=22 HTTP/1.1" 404 822
127.0.0.1 - - [03/Jan/2023:20:14:43 +0900] "GET / HTTP/1.1" 404 807
0:0:0:0:0:0:0:1 - - [03/Jan/2023:20:16:12 +0900] "GET /controller/sample/ex03?ids=111&ids=222&ids=333 HTTP/1.1" 404 822
127.0.0.1 - - [03/Jan/2023:20:17:53 +0900] "GET / HTTP/1.1" 404 807
0:0:0:0:0:0:0:1 - - [03/Jan/2023:20:18:44 +0900] "GET /controller/sample/ex03?ids=111&ids=222&ids=333 HTTP/1.1" 404 833
0:0:0:0:0:0:0:1 - - [03/Jan/2023:20:18:55 +0900] "GET /controller/sample/ex03List?ids=111&ids=222&ids=333 HTTP/1.1" 404 822
127.0.0.1 - - [03/Jan/2023:20:20:04 +0900] "GET / HTTP/1.1" 404 807
0:0:0:0:0:0:0:1 - - [03/Jan/2023:20:20:07 +0900] "GET /controller/sample/ex03List?ids=111&ids=222&ids=333 HTTP/1.1" 404 822
0:0:0:0:0:0:0:1 - - [03/Jan/2023:20:20:53 +0900] "GET /controller/sample/ex03Array?ids=111&ids=222&ids=333 HTTP/1.1" 404 838
0:0:0:0:0:0:0:1 - - [03/Jan/2023:20:21:13 +0900] "GET /controller/sample/ex03Array?ids=111&ids=222&ids=333 HTTP/1.1" 404 838
0:0:0:0:0:0:0:1 - - [03/Jan/2023:20:21:25 +0900] "GET /controller/sample/ex04Array?ids=111&ids=222&ids=333 HTTP/1.1" 404 822
127.0.0.1 - - [03/Jan/2023:20:28:15 +0900] "GET / HTTP/1.1" 404 807
0:0:0:0:0:0:0:1 - - [03/Jan/2023:20:42:04 +0900] "GET /controller/sample/ex04Array?ids=111&ids=222&ids=333 HTTP/1.1" 404 822
0:0:0:0:0:0:0:1 - - [03/Jan/2023:20:43:09 +0900] "GET /controller/sample/ex05Bean?list%5B0%5D.name=aaa&list%5B1%5D.name=bbb HTTP/1.1" 404 826
127.0.0.1 - - [03/Jan/2023:20:57:44 +0900] "GET / HTTP/1.1" 404 807
0:0:0:0:0:0:0:1 - - [03/Jan/2023:20:58:28 +0900] "GET /controller/sample/ex06?title=test?dueDate=2023-01-03 HTTP/1.1" 404 822
0:0:0:0:0:0:0:1 - - [03/Jan/2023:20:58:57 +0900] "GET /controller/sample/ex06?title=test&dueDate=2023-01-03 HTTP/1.1" 404 822
0:0:0:0:0:0:0:1 - - [03/Jan/2023:20:59:29 +0900] "GET /controller/sample/ex07?title=test&dueDate=2023/01/03 HTTP/1.1" 400 843
127.0.0.1 - - [03/Jan/2023:21:00:34 +0900] "GET / HTTP/1.1" 404 807
0:0:0:0:0:0:0:1 - - [03/Jan/2023:21:00:34 +0900] "GET /controller/sample/ex07?title=test&dueDate=2023/01/03 HTTP/1.1" 400 843
0:0:0:0:0:0:0:1 - - [03/Jan/2023:21:00:41 +0900] "GET /controller/sample/ex07?title=test&dueDate=2023/01/03 HTTP/1.1" 400 843
0:0:0:0:0:0:0:1 - - [03/Jan/2023:21:00:46 +0900] "GET /controller/sample/ex07?title=test&dueDate=2023/01/03 HTTP/1.1" 400 843
127.0.0.1 - - [03/Jan/2023:21:01:32 +0900] "GET / HTTP/1.1" 404 807
0:0:0:0:0:0:0:1 - - [03/Jan/2023:21:02:09 +0900] "GET /controller/sample/ex07?title=test&dueDate=2023/01/03 HTTP/1.1" 400 843
0:0:0:0:0:0:0:1 - - [03/Jan/2023:21:02:43 +0900] "GET /controller/sample/ex07 HTTP/1.1" 404 822
0:0:0:0:0:0:0:1 - - [03/Jan/2023:21:02:58 +0900] "GET /controller/sample/ex07?title=test&dueDate=%272023/01/03%27 HTTP/1.1" 400 843
0:0:0:0:0:0:0:1 - - [03/Jan/2023:21:03:14 +0900] "GET /controller/sample/ex07?title=test&dueDate=2023/01/03 HTTP/1.1" 400 843
127.0.0.1 - - [03/Jan/2023:21:04:27 +0900] "GET / HTTP/1.1" 404 807
0:0:0:0:0:0:0:1 - - [03/Jan/2023:21:04:31 +0900] "GET /controller/sample/ex07?title=test&dueDate=2023/01/03 HTTP/1.1" 404 822
0:0:0:0:0:0:0:1 - - [03/Jan/2023:21:04:39 +0900] "GET /controller/sample/ex07?title=test&dueDate=2023/01/03 HTTP/1.1" 404 822
175.10.56.248 - - [03/Jan/2023:22:13:49 +0900] "GET /boaform/admin/formLogin?username=admin&psd=admin HTTP/1.0" 404 838
127.0.0.1 - - [03/Jan/2023:22:18:39 +0900] "GET / HTTP/1.1" 404 807
0:0:0:0:0:0:0:1 - - [03/Jan/2023:22:25:53 +0900] "GET /controller/sample/ex08?name=%ED%99%8D%EA%B8%B8%EB%8F%99&age=10&page=2 HTTP/1.1" 404 822
127.0.0.1 - - [03/Jan/2023:22:27:03 +0900] "GET / HTTP/1.1" 404 807
0:0:0:0:0:0:0:1 - - [03/Jan/2023:22:27:31 +0900] "GET /controller/sample/ex08?name=%ED%99%8D%EA%B8%B8%EB%8F%99&age=10&page=2 HTTP/1.1" 200 198
127.0.0.1 - - [03/Jan/2023:22:29:17 +0900] "GET / HTTP/1.1" 404 807
127.0.0.1 - - [03/Jan/2023:22:29:55 +0900] "GET / HTTP/1.1" 404 807
0:0:0:0:0:0:0:1 - - [03/Jan/2023:22:30:13 +0900] "GET /controller/sample/ex08_2?name=%ED%99%8D%EA%B8%B8%EB%8F%99&age=10&page=2 HTTP/1.1" 200 199
164.92.226.110 - - [03/Jan/2023:22:47:31 +0900] "GET / HTTP/1.1" 404 807
0:0:0:0:0:0:0:1 - - [03/Jan/2023:23:05:05 +0900] "GET /controller/sample/ex08_2?name=%ED%99%8D%EA%B8%B8%EB%8F%99&age=10&page=2 HTTP/1.1" 200 199
